216.244.66.236 - - [26/Apr/2020:12:49:14 +0200] "GET /courses/sd0809/articoli/Arlitt_peva03.pdf HTTP/1.1" 404 323 "-" "Mozilla/5.0 (compatible; DotBot/1.1; http://www.opensiteexplorer.org/dotbot, help@moz.com)"
151.81.102.194 - - [26/Apr/2020:12:50:21 +0200] "GET /favicon.ico HTTP/1.1" 200 318 "http://www.ce.uniroma2.it/~lopresti/Didattica/Fondamenti/Fond0607/IntroC.pdf" "Mozilla/5.0 (Windows NT 6.1; Win64; x64) AppleWebKit/537.36 (KHTML, like Gecko) Chrome/81.0.4044.122 Safari/537.36"
207.46.13.57 - - [26/Apr/2020:12:50:22 +0200] "GET /~lopresti/Didattica/RetiWeb/RetiWeb0809/HTTP.pdf HTTP/1.1" 304 - "-" "Mozilla/5.0 (compatible; bingbot/2.0; +http://www.bing.com/bingbot.htm)"
151.81.102.194 - - [26/Apr/2020:12:50:21 +0200] "GET /~lopresti/Didattica/Fondamenti/Fond0607/IntroC.pdf HTTP/1.1" 200 4765538 "https://www.google.it/" "Mozilla/5.0 (Windows NT 6.1; Win64; x64) AppleWebKit/537.36 (KHTML, like Gecko) Chrome/81.0.4044.122 Safari/537.36"
151.81.102.194 - - [26/Apr/2020:12:50:22 +0200] "GET /~lopresti/Didattica/Fondamenti/Fond0607/IntroC.pdf HTTP/1.1" 206 636770 "http://www.ce.uniroma2.it/~lopresti/Didattica/Fondamenti/Fond0607/IntroC.pdf" "Mozilla/5.0 (Windows NT 6.1; Win64; x64) AppleWebKit/537.36 (KHTML, like Gecko) Chrome/81.0.4044.122 Safari/537.36"
151.81.102.194 - - [26/Apr/2020:12:50:23 +0200] "GET /~lopresti/Didattica/Fondamenti/Fond0607/IntroC.pdf HTTP/1.1" 206 3735552 "http://www.ce.uniroma2.it/~lopresti/Didattica/Fondamenti/Fond0607/IntroC.pdf" "Mozilla/5.0 (Windows NT 6.1; Win64; x64) AppleWebKit/537.36 (KHTML, like Gecko) Chrome/81.0.4044.122 Safari/537.36"
46.229.168.140 - - [26/Apr/2020:12:51:56 +0200] "GET /robots.txt HTTP/1.1" 404 249 "-" "Mozilla/5.0 (compatible; SemrushBot/6~bl; +http://www.semrush.com/bot.html)"
46.229.168.162 - - [26/Apr/2020:12:51:56 +0200] "GET /index.php/comunicazioni/visualizza/lancio_dellamazon_innovation_award_2019 HTTP/1.1" 200 2810 "-" "Mozilla/5.0 (compatible; SemrushBot/6~bl; +http://www.semrush.com/bot.html)"
151.70.162.116 - - [26/Apr/2020:12:52:33 +0200] "GET /courses/aac07/lucidi/Pipeline_dati_4pp.pdf HTTP/1.1" 200 870518 "https://www.google.com/" "Mozilla/5.0 (Linux; Android 9; ONEPLUS A5010) AppleWebKit/537.36 (KHTML, like Gecko) Chrome/80.0.3987.119 Mobile Safari/537.36"
207.46.13.57 - - [26/Apr/2020:12:53:25 +0200] "GET /courses/MMI/memopaper4.pdf HTTP/1.1" 304 - "-" "Mozilla/5.0 (compatible; bingbot/2.0; +http://www.bing.com/bingbot.htm)"
46.229.168.147 - - [26/Apr/2020:12:53:45 +0200] "GET /robots.txt HTTP/1.1" 200 76 "-" "Mozilla/5.0 (compatible; SemrushBot/6~bl; +http://www.semrush.com/bot.html)"
46.229.168.141 - - [26/Apr/2020:12:53:45 +0200] "GET /~buttari/Cap2005/page_122_2256.jpg.html HTTP/1.1" 200 563 "-" "Mozilla/5.0 (compatible; SemrushBot/6~bl; +http://www.semrush.com/bot.html)"
66.249.64.139 - - [26/Apr/2020:12:54:00 +0200] "GET /courses/iw08/lucidi/socket_1_2pp.pdf HTTP/1.1" 304 - "-" "Mozilla/5.0 (Linux; Android 6.0.1; Nexus 5X Build/MMB29P) AppleWebKit/537.36 (KHTML, like Gecko) Chrome/41.0.2272.96 Mobile Safari/537.36 (compatible; Googlebot/2.1; +http://www.google.com/bot.html)"
66.249.64.141 - - [26/Apr/2020:12:54:02 +0200] "GET /~lopresti/Didattica/RetiWeb/RetiWeb1516/Socket_1.pdf HTTP/1.1" 200 361451 "-" "Mozilla/5.0 (Linux; Android 6.0.1; Nexus 5X Build/MMB29P) AppleWebKit/537.36 (KHTML, like Gecko) Chrome/41.0.2272.96 Mobile Safari/537.36 (compatible; Googlebot/2.1; +http://www.google.com/bot.html)"
40.77.167.124 - - [26/Apr/2020:12:55:04 +0200] "GET /courses/GovDig/ HTTP/1.1" 404 247 "-" "Mozilla/5.0 (compatible; bingbot/2.0; +http://www.bing.com/bingbot.htm)"
79.52.197.139 - - [26/Apr/2020:12:55:43 +0200] "GET /courses/sabd1920/ HTTP/1.1" 200 11400 "-" "Mozilla/5.0 (Macintosh; Intel Mac OS X 10_15_4) AppleWebKit/605.1.15 (KHTML, like Gecko) Version/13.1 Safari/605.1.15"
79.52.197.139 - - [26/Apr/2020:12:55:43 +0200] "GET /courses/sabd1920/template/js/script.js HTTP/1.1" 200 20 "http://www.ce.uniroma2.it/courses/sabd1920/" "Mozilla/5.0 (Macintosh; Intel Mac OS X 10_15_4) AppleWebKit/605.1.15 (KHTML, like Gecko) Version/13.1 Safari/605.1.15"
79.52.197.139 - - [26/Apr/2020:12:55:43 +0200] "GET /courses/sabd1920/template/css/bootstrap.css HTTP/1.1" 200 21157 "http://www.ce.uniroma2.it/courses/sabd1920/" "Mozilla/5.0 (Macintosh; Intel Mac OS X 10_15_4) AppleWebKit/605.1.15 (KHTML, like Gecko) Version/13.1 Safari/605.1.15"
79.52.197.139 - - [26/Apr/2020:12:55:44 +0200] "GET /courses/sabd1920/ HTTP/1.1" 200 11400 "-" "Mozilla/5.0 (Macintosh; Intel Mac OS X 10_15_4) AppleWebKit/605.1.15 (KHTML, like Gecko) Version/13.1 Safari/605.1.15"
207.46.13.57 - - [26/Apr/2020:12:56:24 +0200] "GET /courses/sdcc1920/ HTTP/1.1" 200 17829 "-" "Mozilla/5.0 (compatible; bingbot/2.0; +http://www.bing.com/bingbot.htm)"
46.229.168.150 - - [26/Apr/2020:12:57:11 +0200] "GET /?URL=www.cla-safflower-oil-review.com%2F HTTP/1.1" 200 220 "-" "Mozilla/5.0 (compatible; SemrushBot/6~bl; +http://www.semrush.com/bot.html)"
207.46.13.57 - - [26/Apr/2020:12:57:29 +0200] "GET /courses/ce1819/ HTTP/1.1" 200 8657 "-" "Mozilla/5.0 (compatible; bingbot/2.0; +http://www.bing.com/bingbot.htm)"
79.44.246.252 - - [26/Apr/2020:13:00:29 +0200] "GET /courses/ac05/lucidi/Floating_2pp.pdf HTTP/1.1" 200 176708 "https://www.google.com/" "Mozilla/5.0 (Windows NT 10.0; Win64; x64) AppleWebKit/537.36 (KHTML, like Gecko) Chrome/81.0.4044.122 Safari/537.36"
79.44.246.252 - - [26/Apr/2020:13:00:29 +0200] "GET /favicon.ico HTTP/1.1" 200 318 "http://www.ce.uniroma2.it/courses/ac05/lucidi/Floating_2pp.pdf" "Mozilla/5.0 (Windows NT 10.0; Win64; x64) AppleWebKit/537.36 (KHTML, like Gecko) Chrome/81.0.4044.122 Safari/537.36"
79.22.195.156 - - [26/Apr/2020:13:01:03 +0200] "GET /courses/ac05/lucidi/Organizz_2pp.pdf HTTP/1.1" 200 61539 "https://www.google.com/" "Mozilla/5.0 (Windows NT 6.1; ) AppleWebKit/537.36 (KHTML, like Gecko) Chrome/81.0.4044.122 Safari/537.36"
79.22.195.156 - - [26/Apr/2020:13:01:03 +0200] "GET /favicon.ico HTTP/1.1" 200 318 "http://www.ce.uniroma2.it/courses/ac05/lucidi/Organizz_2pp.pdf" "Mozilla/5.0 (Windows NT 6.1; ) AppleWebKit/537.36 (KHTML, like Gecko) Chrome/81.0.4044.122 Safari/537.36"
192.227.93.125 - - [26/Apr/2020:13:03:41 +0200] "GET /index.php/erasmus HTTP/1.1" 200 19929 "-" "-"
66.249.64.141 - - [26/Apr/2020:13:03:57 +0200] "GET /courses/iw08/esami/progettoB.pdf HTTP/1.1" 304 - "-" "Mozilla/5.0 (Linux; Android 6.0.1; Nexus 5X Build/MMB29P) AppleWebKit/537.36 (KHTML, like Gecko) Chrome/41.0.2272.96 Mobile Safari/537.36 (compatible; Googlebot/2.1; +http://www.google.com/bot.html)"
40.77.167.124 - - [26/Apr/2020:13:04:57 +0200] "GET /courses/ce1920/slides/Floating.pdf HTTP/1.1" 200 3995681 "-" "Mozilla/5.0 (compatible; bingbot/2.0; +http://www.bing.com/bingbot.htm)"
46.229.168.150 - - [26/Apr/2020:13:05:39 +0200] "GET /~buttari/gallery.html HTTP/1.1" 200 2163 "-" "Mozilla/5.0 (compatible; SemrushBot/6~bl; +http://www.semrush.com/bot.html)"
2.47.72.29 - - [26/Apr/2020:13:10:29 +0200] "GET /apple-touch-icon-precomposed.png HTTP/1.1" 404 257 "-" "Safari/15609.1.20.111.8 CFNetwork/1125.2 Darwin/19.4.0 (x86_64)"
2.47.72.29 - - [26/Apr/2020:13:10:29 +0200] "GET /apple-touch-icon.png HTTP/1.1" 404 251 "-" "Safari/15609.1.20.111.8 CFNetwork/1125.2 Darwin/19.4.0 (x86_64)"
5.171.73.198 - - [26/Apr/2020:13:12:28 +0200] "GET /courses/aac07/lucidi/Memvirtuale_4pp.pdf HTTP/1.1" 200 394405 "https://www.google.com/" "Mozilla/5.0 (Windows NT 10.0; Win64; x64) AppleWebKit/537.36 (KHTML, like Gecko) Chrome/80.0.3987.163 Safari/537.36"
5.171.73.198 - - [26/Apr/2020:13:12:29 +0200] "GET /favicon.ico HTTP/1.1" 200 318 "http://www.ce.uniroma2.it/courses/aac07/lucidi/Memvirtuale_4pp.pdf" "Mozilla/5.0 (Windows NT 10.0; Win64; x64) AppleWebKit/537.36 (KHTML, like Gecko) Chrome/80.0.3987.163 Safari/537.36"
66.249.64.139 - - [26/Apr/2020:13:14:08 +0200] "GET /gqos/Bonuccelli.ppt HTTP/1.1" 200 226816 "-" "Mozilla/5.0 (Linux; Android 6.0.1; Nexus 5X Build/MMB29P) AppleWebKit/537.36 (KHTML, like Gecko) Chrome/41.0.2272.96 Mobile Safari/537.36 (compatible; Googlebot/2.1; +http://www.google.com/bot.html)"
62.210.215.113 - - [26/Apr/2020:13:17:57 +0200] "GET /~nardelli/ HTTP/1.1" 200 6901 "-" "Mozilla/5.0 (X11; Linux i686) AppleWebKit/537.36 (KHTML, like Gecko) Chrome/30.0.1599.66 Safari/537.36"
197.251.191.106 - - [26/Apr/2020:13:21:32 +0200] "GET /index.php/tesi_e_tirocini HTTP/1.1" 200 95577 "-" "Mozilla/4.0 (compatible; MSIE 6.0; Windows NT 5.2; .NET CLR 1.0.3705;)"
197.251.191.106 - - [26/Apr/2020:13:21:33 +0200] "GET / HTTP/1.1" 200 11598 "-" "Mozilla/4.0 (compatible; MSIE 6.0; Windows NT 5.2; .NET CLR 1.0.3705;)"
106.210.197.125 - - [26/Apr/2020:13:21:56 +0200] "GET /favicon.ico HTTP/1.1" 200 318 "http://www.ce.uniroma2.it/courses/sabd1617/slides/HadoopEcosystem.pdf" "Mozilla/5.0 (Windows NT 6.1; Win64; x64) AppleWebKit/537.36 (KHTML, like Gecko) Chrome/81.0.4044.122 Safari/537.36"
106.210.197.125 - - [26/Apr/2020:13:21:55 +0200] "GET /courses/sabd1617/slides/HadoopEcosystem.pdf HTTP/1.1" 200 2218695 "https://www.google.com/" "Mozilla/5.0 (Windows NT 6.1; Win64; x64) AppleWebKit/537.36 (KHTML, like Gecko) Chrome/81.0.4044.122 Safari/537.36"
106.210.197.125 - - [26/Apr/2020:13:22:03 +0200] "GET /courses/sabd1617/slides/HadoopEcosystem.pdf HTTP/1.1" 206 645831 "http://www.ce.uniroma2.it/courses/sabd1617/slides/HadoopEcosystem.pdf" "Mozilla/5.0 (Windows NT 6.1; Win64; x64) AppleWebKit/537.36 (KHTML, like Gecko) Chrome/81.0.4044.122 Safari/537.36"
197.251.191.106 - - [26/Apr/2020:13:23:06 +0200] "GET / HTTP/1.1" 200 11598 "-" "Mozilla/4.0 (compatible; MSIE 6.0; Windows NT 5.2; .NET CLR 1.0.3705;)"
106.210.197.125 - - [26/Apr/2020:13:22:36 +0200] "GET /courses/sabd1617/slides/HadoopEcosystem.pdf HTTP/1.1" 206 1376256 "http://www.ce.uniroma2.it/courses/sabd1617/slides/HadoopEcosystem.pdf" "Mozilla/5.0 (Windows NT 6.1; Win64; x64) AppleWebKit/537.36 (KHTML, like Gecko) Chrome/81.0.4044.122 Safari/537.36"
217.172.203.144 - - [26/Apr/2020:13:24:09 +0200] "GET /apple-touch-icon-precomposed.png HTTP/1.1" 404 257 "-" "Mozilla/5.0 (Macintosh; Intel Mac OS X 10_11_1) AppleWebKit/601.2.4 (KHTML, like Gecko) Version/9.0.1 Safari/601.2.4 facebookexternalhit/1.1 Facebot Twitterbot/1.0"
217.172.203.144 - - [26/Apr/2020:13:24:09 +0200] "GET /apple-touch-icon.png HTTP/1.1" 404 251 "-" "Mozilla/5.0 (Macintosh; Intel Mac OS X 10_11_1) AppleWebKit/601.2.4 (KHTML, like Gecko) Version/9.0.1 Safari/601.2.4 facebookexternalhit/1.1 Facebot Twitterbot/1.0"
217.172.203.144 - - [26/Apr/2020:13:24:09 +0200] "GET /favicon.ico HTTP/1.1" 200 318 "-" "Mozilla/5.0 (Macintosh; Intel Mac OS X 10_11_1) AppleWebKit/601.2.4 (KHTML, like Gecko) Version/9.0.1 Safari/601.2.4 facebookexternalhit/1.1 Facebot Twitterbot/1.0"
217.172.203.144 - - [26/Apr/2020:13:24:09 +0200] "GET /courses/sd0809/lucidi/WebApp.pdf HTTP/1.1" 404 259 "-" "Mozilla/5.0 (Macintosh; Intel Mac OS X 10_11_1) AppleWebKit/601.2.4 (KHTML, like Gecko) Version/9.0.1 Safari/601.2.4 facebookexternalhit/1.1 Facebot Twitterbot/1.0"
66.249.64.141 - - [26/Apr/2020:13:24:29 +0200] "GET /~lopresti/Didattica/RetiWeb/RetiWeb1112/HTTP.pdf HTTP/1.1" 304 - "-" "Mozilla/5.0 (Linux; Android 6.0.1; Nexus 5X Build/MMB29P) AppleWebKit/537.36 (KHTML, like Gecko) Chrome/41.0.2272.96 Mobile Safari/537.36 (compatible; Googlebot/2.1; +http://www.google.com/bot.html)"
216.244.66.236 - - [26/Apr/2020:13:26:11 +0200] "GET /courses/sd0809/articoli/Arlitt_peva03.pdf HTTP/1.1" 404 323 "-" "Mozilla/5.0 (compatible; DotBot/1.1; http://www.opensiteexplorer.org/dotbot, help@moz.com)"
83.97.20.21 - - [26/Apr/2020:13:28:34 +0200] "GET / HTTP/1.0" 200 11598 "-" "-"
46.229.168.130 - - [26/Apr/2020:13:28:55 +0200] "GET /~buttari/hpcc05/page_IMG_3193.JPG.html HTTP/1.1" 200 562 "-" "Mozilla/5.0 (compatible; SemrushBot/6~bl; +http://www.semrush.com/bot.html)"
118.96.148.234 - - [26/Apr/2020:13:29:24 +0200] "GET / HTTP/1.1" 200 11598 "-" "Mozilla/5.0 (Windows NT 6.1; WOW64) AppleWebKit/537.36 (KHTML, like Gecko) Chrome/51.0.2704.103 Safari/537.36"
66.249.64.143 - - [26/Apr/2020:13:34:30 +0200] "GET /dottorato/ HTTP/1.1" 304 - "-" "Mozilla/5.0 (Linux; Android 6.0.1; Nexus 5X Build/MMB29P) AppleWebKit/537.36 (KHTML, like Gecko) Chrome/41.0.2272.96 Mobile Safari/537.36 (compatible; Googlebot/2.1; +http://www.google.com/bot.html)"
197.251.191.106 - - [26/Apr/2020:13:37:08 +0200] "GET /index.php/laurea_triennale_online HTTP/1.1" 200 7248 "-" "Mozilla/4.0 (compatible; MSIE 6.0; Windows NT 5.2; .NET CLR 1.0.3705;)"
93.146.1.150 - - [26/Apr/2020:13:37:34 +0200] "GET /courses/ce1819/slides/C_liste.pdf HTTP/1.1" 200 1070714 "https://www.google.com/" "Mozilla/5.0 (Windows NT 10.0; Win64; x64) AppleWebKit/537.36 (KHTML, like Gecko) Chrome/81.0.4044.122 Safari/537.36"
93.146.1.150 - - [26/Apr/2020:13:37:34 +0200] "GET /favicon.ico HTTP/1.1" 200 318 "http://www.ce.uniroma2.it/courses/ce1819/slides/C_liste.pdf" "Mozilla/5.0 (Windows NT 10.0; Win64; x64) AppleWebKit/537.36 (KHTML, like Gecko) Chrome/81.0.4044.122 Safari/537.36"
93.146.1.150 - - [26/Apr/2020:13:37:34 +0200] "GET /courses/ce1819/slides/C_liste.pdf HTTP/1.1" 206 611962 "http://www.ce.uniroma2.it/courses/ce1819/slides/C_liste.pdf" "Mozilla/5.0 (Windows NT 10.0; Win64; x64) AppleWebKit/537.36 (KHTML, like Gecko) Chrome/81.0.4044.122 Safari/537.36"
93.146.1.150 - - [26/Apr/2020:13:37:34 +0200] "GET /courses/ce1819/slides/C_liste.pdf HTTP/1.1" 206 131072 "http://www.ce.uniroma2.it/courses/ce1819/slides/C_liste.pdf" "Mozilla/5.0 (Windows NT 10.0; Win64; x64) AppleWebKit/537.36 (KHTML, like Gecko) Chrome/81.0.4044.122 Safari/537.36"
93.146.1.150 - - [26/Apr/2020:13:39:08 +0200] "GET /courses/ce1819/slides/C_liste.pdf HTTP/1.1" 206 327680 "https://www.google.com/" "Mozilla/5.0 (Windows NT 10.0; Win64; x64) AppleWebKit/537.36 (KHTML, like Gecko) Chrome/81.0.4044.122 Safari/537.36"
66.249.64.156 - - [26/Apr/2020:13:39:24 +0200] "GET /media/NOTAn13.pdf HTTP/1.1" 200 478634 "-" "Mozilla/5.0 (Linux; Android 6.0.1; Nexus 5X Build/MMB29P) AppleWebKit/537.36 (KHTML, like Gecko) Chrome/41.0.2272.96 Mobile Safari/537.36 (compatible; Googlebot/2.1; +http://www.google.com/bot.html)"
66.249.64.143 - - [26/Apr/2020:13:42:33 +0200] "GET /psblas/UserGuide-3.0/node3.html HTTP/1.1" 404 256 "-" "Mozilla/5.0 (Linux; Android 6.0.1; Nexus 5X Build/MMB29P) AppleWebKit/537.36 (KHTML, like Gecko) Chrome/41.0.2272.96 Mobile Safari/537.36 (compatible; Googlebot/2.1; +http://www.google.com/bot.html)"
66.249.64.141 - - [26/Apr/2020:13:44:17 +0200] "GET /courses/sdcc1617/lucidi/AWS.pdf HTTP/1.1" 304 - "-" "Mozilla/5.0 (Linux; Android 6.0.1; Nexus 5X Build/MMB29P) AppleWebKit/537.36 (KHTML, like Gecko) Chrome/41.0.2272.96 Mobile Safari/537.36 (compatible; Googlebot/2.1; +http://www.google.com/bot.html)"
66.249.64.139 - - [26/Apr/2020:13:45:59 +0200] "GET /courses/sdcc1920/ HTTP/1.1" 200 17829 "-" "Mozilla/5.0 (Linux; Android 6.0.1; Nexus 5X Build/MMB29P) AppleWebKit/537.36 (KHTML, like Gecko) Chrome/41.0.2272.96 Mobile Safari/537.36 (compatible; Googlebot/2.1; +http://www.google.com/bot.html)"
66.249.64.141 - - [26/Apr/2020:13:46:01 +0200] "GET /courses/sdcc1920/template/css/bootstrap.css HTTP/1.1" 200 21157 "http://www.ce.uniroma2.it/courses/sdcc1920/" "Mozilla/5.0 (Linux; Android 6.0.1; Nexus 5X Build/MMB29P) AppleWebKit/537.36 (KHTML, like Gecko) Chrome/80.0.3987.92 Mobile Safari/537.36 (compatible; Googlebot/2.1; +http://www.google.com/bot.html)"
66.249.64.141 - - [26/Apr/2020:13:46:01 +0200] "GET /courses/sdcc1920/template/css/style.css HTTP/1.1" 200 737 "http://www.ce.uniroma2.it/courses/sdcc1920/" "Mozilla/5.0 (Linux; Android 6.0.1; Nexus 5X Build/MMB29P) AppleWebKit/537.36 (KHTML, like Gecko) Chrome/80.0.3987.92 Mobile Safari/537.36 (compatible; Googlebot/2.1; +http://www.google.com/bot.html)"
66.249.64.139 - - [26/Apr/2020:13:46:02 +0200] "GET /courses/sdcc1920/template/js/bootstrap.js HTTP/1.1" 200 13697 "http://www.ce.uniroma2.it/courses/sdcc1920/" "Mozilla/5.0 (Linux; Android 6.0.1; Nexus 5X Build/MMB29P) AppleWebKit/537.36 (KHTML, like Gecko) Chrome/80.0.3987.92 Mobile Safari/537.36 (compatible; Googlebot/2.1; +http://www.google.com/bot.html)"
66.249.64.139 - - [26/Apr/2020:13:46:02 +0200] "GET /courses/sdcc1920/template/js/script.js HTTP/1.1" 200 20 "http://www.ce.uniroma2.it/courses/sdcc1920/" "Mozilla/5.0 (Linux; Android 6.0.1; Nexus 5X Build/MMB29P) AppleWebKit/537.36 (KHTML, like Gecko) Chrome/80.0.3987.92 Mobile Safari/537.36 (compatible; Googlebot/2.1; +http://www.google.com/bot.html)"
46.229.168.134 - - [26/Apr/2020:13:49:36 +0200] "GET /robots.txt HTTP/1.1" 200 76 "-" "Mozilla/5.0 (compatible; SemrushBot/6~bl; +http://www.semrush.com/bot.html)"
46.229.168.131 - - [26/Apr/2020:13:49:37 +0200] "GET /gqos/ HTTP/1.1" 200 1888 "-" "Mozilla/5.0 (compatible; SemrushBot/6~bl; +http://www.semrush.com/bot.html)"
151.24.98.22 - - [26/Apr/2020:13:49:41 +0200] "GET /~lopresti/ HTTP/1.1" 200 825 "-" "Mozilla/5.0 (Windows NT 10.0; Win64; x64) AppleWebKit/537.36 (KHTML, like Gecko) Chrome/81.0.4044.122 Safari/537.36"
151.24.98.22 - - [26/Apr/2020:13:49:41 +0200] "GET /~lopresti/stile.css HTTP/1.1" 200 402 "http://www.ce.uniroma2.it/~lopresti/" "Mozilla/5.0 (Windows NT 10.0; Win64; x64) AppleWebKit/537.36 (KHTML, like Gecko) Chrome/81.0.4044.122 Safari/537.36"
151.24.98.22 - - [26/Apr/2020:13:49:41 +0200] "GET /~lopresti/blebul1a.gif HTTP/1.1" 200 51 "http://www.ce.uniroma2.it/~lopresti/" "Mozilla/5.0 (Windows NT 10.0; Win64; x64) AppleWebKit/537.36 (KHTML, like Gecko) Chrome/81.0.4044.122 Safari/537.36"
151.24.98.22 - - [26/Apr/2020:13:49:41 +0200] "GET /favicon.ico HTTP/1.1" 200 318 "http://www.ce.uniroma2.it/~lopresti/" "Mozilla/5.0 (Windows NT 10.0; Win64; x64) AppleWebKit/537.36 (KHTML, like Gecko) Chrome/81.0.4044.122 Safari/537.36"
151.24.98.22 - - [26/Apr/2020:13:49:43 +0200] "GET /~lopresti/didattica2.htm HTTP/1.1" 200 1144 "http://www.ce.uniroma2.it/~lopresti/" "Mozilla/5.0 (Windows NT 10.0; Win64; x64) AppleWebKit/537.36 (KHTML, like Gecko) Chrome/81.0.4044.122 Safari/537.36"
151.24.98.22 - - [26/Apr/2020:13:49:47 +0200] "GET /~lopresti/Didattica/RetiWeb/RetiWeb1920/RetiWeb_frame.htm HTTP/1.1" 200 496 "http://www.ce.uniroma2.it/~lopresti/didattica2.htm" "Mozilla/5.0 (Windows NT 10.0; Win64; x64) AppleWebKit/537.36 (KHTML, like Gecko) Chrome/81.0.4044.122 Safari/537.36"
151.24.98.22 - - [26/Apr/2020:13:49:47 +0200] "GET /~lopresti/Didattica/RetiWeb/RetiWeb1920/RetiWeb_head.htm HTTP/1.1" 200 411 "http://www.ce.uniroma2.it/~lopresti/Didattica/RetiWeb/RetiWeb1920/RetiWeb_frame.htm" "Mozilla/5.0 (Windows NT 10.0; Win64; x64) AppleWebKit/537.36 (KHTML, like Gecko) Chrome/81.0.4044.122 Safari/537.36"
151.24.98.22 - - [26/Apr/2020:13:49:47 +0200] "GET /~lopresti/Didattica/RetiWeb/RetiWeb1920/RetiWeb_book.htm HTTP/1.1" 200 390 "http://www.ce.uniroma2.it/~lopresti/Didattica/RetiWeb/RetiWeb1920/RetiWeb_frame.htm" "Mozilla/5.0 (Windows NT 10.0; Win64; x64) AppleWebKit/537.36 (KHTML, like Gecko) Chrome/81.0.4044.122 Safari/537.36"
151.24.98.22 - - [26/Apr/2020:13:49:47 +0200] "GET /~lopresti/Didattica/RetiWeb/RetiWeb1920/RetiWeb_body.htm HTTP/1.1" 200 5161 "http://www.ce.uniroma2.it/~lopresti/Didattica/RetiWeb/RetiWeb1920/RetiWeb_frame.htm" "Mozilla/5.0 (Windows NT 10.0; Win64; x64) AppleWebKit/537.36 (KHTML, like Gecko) Chrome/81.0.4044.122 Safari/537.36"
151.24.98.22 - - [26/Apr/2020:13:49:47 +0200] "GET /~lopresti/Didattica/RetiWeb/RetiWeb1920/img/new.gif HTTP/1.1" 200 111 "http://www.ce.uniroma2.it/~lopresti/Didattica/RetiWeb/RetiWeb1920/RetiWeb_body.htm" "Mozilla/5.0 (Windows NT 10.0; Win64; x64) AppleWebKit/537.36 (KHTML, like Gecko) Chrome/81.0.4044.122 Safari/537.36"
165.225.202.123 - - [26/Apr/2020:13:51:04 +0200] "GET /courses/sdcc1617/lucidi/ConsistenzaSD.pdf HTTP/1.1" 200 5021503 "https://www.google.com/" "Mozilla/5.0 (Windows NT 10.0; Win64; x64) AppleWebKit/537.36 (KHTML, like Gecko) Chrome/74.0.3729.131 Safari/537.36"
157.55.39.39 - - [26/Apr/2020:13:52:08 +0200] "GET /~nardelli/ HTTP/1.1" 200 6901 "-" "Mozilla/5.0 (compatible; bingbot/2.0; +http://www.bing.com/bingbot.htm)"
82.63.98.143 - - [26/Apr/2020:13:54:16 +0200] "GET /courses/ce1819/slides/C_liste.pdf HTTP/1.1" 200 1070714 "https://www.google.com/" "Mozilla/5.0 (Macintosh; Intel Mac OS X 10_15_3) AppleWebKit/605.1.15 (KHTML, like Gecko) Version/13.0.5 Safari/605.1.15"
82.63.98.143 - - [26/Apr/2020:13:54:16 +0200] "GET /favicon.ico HTTP/1.1" 200 318 "http://www.ce.uniroma2.it/courses/ce1819/slides/C_liste.pdf" "Mozilla/5.0 (Macintosh; Intel Mac OS X 10_15_3) AppleWebKit/605.1.15 (KHTML, like Gecko) Version/13.0.5 Safari/605.1.15"
79.22.213.160 - - [26/Apr/2020:13:55:57 +0200] "GET /~lopresti/didattica2.htm HTTP/1.1" 200 1144 "-" "Mozilla/5.0 (Macintosh; Intel Mac OS X 10_13_6) AppleWebKit/605.1.15 (KHTML, like Gecko)"
79.22.213.160 - - [26/Apr/2020:13:55:57 +0200] "GET /apple-touch-icon-precomposed.png HTTP/1.1" 404 257 "-" "Safari/13609.1.20.111.8 CFNetwork/902.5 Darwin/17.7.0 (x86_64)"
79.22.213.160 - - [26/Apr/2020:13:55:57 +0200] "GET /apple-touch-icon.png HTTP/1.1" 404 251 "-" "Safari/13609.1.20.111.8 CFNetwork/902.5 Darwin/17.7.0 (x86_64)"
79.22.213.160 - - [26/Apr/2020:13:55:57 +0200] "GET /favicon.ico HTTP/1.1" 200 318 "-" "Safari/13609.1.20.111.8 CFNetwork/902.5 Darwin/17.7.0 (x86_64)"
79.22.213.160 - - [26/Apr/2020:13:55:57 +0200] "GET /~lopresti/didattica2.htm HTTP/1.1" 200 1144 "-" "Mozilla/5.0 (iPhone; CPU iPhone OS 13_1_3 like Mac OS X) AppleWebKit/605.1.15 (KHTML, like Gecko) Version/13.0.1 Mobile/15E148 Safari/604.1"
79.22.213.160 - - [26/Apr/2020:13:55:57 +0200] "GET /apple-touch-icon-precomposed.png HTTP/1.1" 404 257 "-" "Safari/13609.1.20.111.8 CFNetwork/902.5 Darwin/17.7.0 (x86_64)"
79.22.213.160 - - [26/Apr/2020:13:55:58 +0200] "GET /apple-touch-icon.png HTTP/1.1" 404 251 "-" "Safari/13609.1.20.111.8 CFNetwork/902.5 Darwin/17.7.0 (x86_64)"
79.22.213.160 - - [26/Apr/2020:13:55:58 +0200] "GET /favicon.ico HTTP/1.1" 200 318 "-" "Safari/13609.1.20.111.8 CFNetwork/902.5 Darwin/17.7.0 (x86_64)"
40.77.167.124 - - [26/Apr/2020:13:57:56 +0200] "GET /index.php/magistrale_sessioni HTTP/1.1" 200 3337 "-" "Mozilla/5.0 (compatible; bingbot/2.0; +http://www.bing.com/bingbot.htm)"
46.229.168.152 - - [26/Apr/2020:13:58:55 +0200] "GET /robots.txt HTTP/1.1" 404 249 "-" "Mozilla/5.0 (compatible; SemrushBot/6~bl; +http://www.semrush.com/bot.html)"
46.229.168.150 - - [26/Apr/2020:13:58:55 +0200] "GET /?URL=http%3A%2F%2Fbit.ly%2F2rWLGQp HTTP/1.1" 200 211 "-" "Mozilla/5.0 (compatible; SemrushBot/6~bl; +http://www.semrush.com/bot.html)"
93.160.60.22 - - [26/Apr/2020:14:01:05 +0200] "GET /moses HTTP/1.1" 301 250 "-" "Mozilla/5.0 (compatible; MSIE 10.0; Windows NT 6.1; Trident/6.0) LinkCheck by Siteimprove.com"
93.160.60.22 - - [26/Apr/2020:14:01:06 +0200] "GET /moses/ HTTP/1.1" 200 171 "-" "Mozilla/5.0 (compatible; MSIE 10.0; Windows NT 6.1; Trident/6.0) LinkCheck by Siteimprove.com"
165.225.202.123 - - [26/Apr/2020:14:01:25 +0200] "GET /courses/sdcc1617/lucidi/ConsistenzaSD.pdf HTTP/1.1" 200 5021503 "-" "Mozilla/5.0 (Windows NT 10.0; Win64; x64) AppleWebKit/537.36 (KHTML, like Gecko) Chrome/74.0.3729.131 Safari/537.36"
93.160.60.22 - - [26/Apr/2020:14:01:26 +0200] "GET /moses HTTP/1.1" 301 250 "-" "Mozilla/5.0 (compatible; MSIE 10.0; Windows NT 6.1; Trident/6.0) LinkCheck by Siteimprove.com"
93.160.60.22 - - [26/Apr/2020:14:01:26 +0200] "GET /moses/ HTTP/1.1" 200 171 "-" "Mozilla/5.0 (compatible; MSIE 10.0; Windows NT 6.1; Trident/6.0) LinkCheck by Siteimprove.com"
79.22.227.151 - - [26/Apr/2020:14:04:03 +0200] "GET /courses/sdcc1920/ HTTP/1.1" 200 17829 "-" "Mozilla/5.0 (Macintosh; Intel Mac OS X 10_15_4) AppleWebKit/605.1.15 (KHTML, like Gecko) Version/13.1 Safari/605.1.15"
79.22.227.151 - - [26/Apr/2020:14:04:03 +0200] "GET /courses/sdcc1920/template/css/style.css HTTP/1.1" 200 737 "http://www.ce.uniroma2.it/courses/sdcc1920/" "Mozilla/5.0 (Macintosh; Intel Mac OS X 10_15_4) AppleWebKit/605.1.15 (KHTML, like Gecko) Version/13.1 Safari/605.1.15"
79.22.227.151 - - [26/Apr/2020:14:04:03 +0200] "GET /courses/sdcc1920/img/gabriele.png HTTP/1.1" 200 9688 "http://www.ce.uniroma2.it/courses/sdcc1920/" "Mozilla/5.0 (Macintosh; Intel Mac OS X 10_15_4) AppleWebKit/605.1.15 (KHTML, like Gecko) Version/13.1 Safari/605.1.15"
79.22.227.151 - - [26/Apr/2020:14:04:03 +0200] "GET /courses/sdcc1920/img/valeria_t.gif HTTP/1.1" 200 1044 "http://www.ce.uniroma2.it/courses/sdcc1920/" "Mozilla/5.0 (Macintosh; Intel Mac OS X 10_15_4) AppleWebKit/605.1.15 (KHTML, like Gecko) Version/13.1 Safari/605.1.15"
79.22.227.151 - - [26/Apr/2020:14:04:03 +0200] "GET /courses/sdcc1920/template/js/bootstrap.js HTTP/1.1" 200 13697 "http://www.ce.uniroma2.it/courses/sdcc1920/" "Mozilla/5.0 (Macintosh; Intel Mac OS X 10_15_4) AppleWebKit/605.1.15 (KHTML, like Gecko) Version/13.1 Safari/605.1.15"
79.22.227.151 - - [26/Apr/2020:14:04:03 +0200] "GET /courses/sdcc1920/template/css/bootstrap.css HTTP/1.1" 200 21157 "http://www.ce.uniroma2.it/courses/sdcc1920/" "Mozilla/5.0 (Macintosh; Intel Mac OS X 10_15_4) AppleWebKit/605.1.15 (KHTML, like Gecko) Version/13.1 Safari/605.1.15"
79.22.227.151 - - [26/Apr/2020:14:04:04 +0200] "GET /courses/sdcc1920/ HTTP/1.1" 200 17829 "-" "Mozilla/5.0 (Macintosh; Intel Mac OS X 10_15_4) AppleWebKit/605.1.15 (KHTML, like Gecko) Version/13.1 Safari/605.1.15"
66.249.64.139 - - [26/Apr/2020:14:04:47 +0200] "GET /~lopresti/Didattica/Fondamenti/Fond0607/Intro.pdf HTTP/1.1" 304 - "-" "Mozilla/5.0 (Linux; Android 6.0.1; Nexus 5X Build/MMB29P) AppleWebKit/537.36 (KHTML, like Gecko) Chrome/41.0.2272.96 Mobile Safari/537.36 (compatible; Googlebot/2.1; +http://www.google.com/bot.html)"
157.55.39.20 - - [26/Apr/2020:14:07:10 +0200] "GET /robots.txt HTTP/1.1" 200 76 "-" "Mozilla/5.0 (compatible; bingbot/2.0; +http://www.bing.com/bingbot.htm)"
40.77.167.124 - - [26/Apr/2020:14:08:20 +0200] "GET /~buttari/wordpress/?feed=atom HTTP/1.1" 200 851 "-" "msnbot/2.0b (+http://search.msn.com/msnbot.htm)"
37.160.97.147 - - [26/Apr/2020:14:09:38 +0200] "GET /courses/iw08/lucidi/WebServices_2pp.pdf HTTP/1.1" 200 317651 "-" "Dalvik/2.1.0 (Linux; U; Android 7.0; HUAWEI VNS-L31 Build/HUAWEIVNS-L31)"
79.34.249.113 - - [26/Apr/2020:14:10:24 +0200] "GET /courses/ce1819/slides/C_matrici_alloc_din.pdf HTTP/1.1" 200 676822 "https://www.google.com/" "Mozilla/5.0 (Windows NT 10.0; Win64; x64; rv:75.0) Gecko/20100101 Firefox/75.0"
79.34.249.113 - - [26/Apr/2020:14:10:24 +0200] "GET /favicon.ico HTTP/1.1" 200 318 "-" "Mozilla/5.0 (Windows NT 10.0; Win64; x64; rv:75.0) Gecko/20100101 Firefox/75.0"
46.229.168.154 - - [26/Apr/2020:14:11:45 +0200] "GET /geoweb/papers/WWW99.ps HTTP/1.1" 200 295053 "-" "Mozilla/5.0 (compatible; SemrushBot/6~bl; +http://www.semrush.com/bot.html)"
207.46.13.57 - - [26/Apr/2020:14:12:16 +0200] "GET /~lopresti/Didattica/RetiWeb/RetiWeb1213/HTTP_completo4.pdf HTTP/1.1" 200 2575243 "-" "Mozilla/5.0 (compatible; bingbot/2.0; +http://www.bing.com/bingbot.htm)"
93.44.103.77 - - [26/Apr/2020:14:12:22 +0200] "GET /index.php/laurea_triennale HTTP/1.1" 200 2749 "https://www.google.com/" "Mozilla/5.0 (Macintosh; Intel Mac OS X 10_13_6) AppleWebKit/605.1.15 (KHTML, like Gecko) Version/13.1 Safari/605.1.15"
93.44.103.77 - - [26/Apr/2020:14:12:22 +0200] "GET /media/css/style.css HTTP/1.1" 200 2311 "http://inginformatica.uniroma2.it/index.php/laurea_triennale" "Mozilla/5.0 (Macintosh; Intel Mac OS X 10_13_6) AppleWebKit/605.1.15 (KHTML, like Gecko) Version/13.1 Safari/605.1.15"
93.44.103.77 - - [26/Apr/2020:14:12:22 +0200] "GET /media/css/binary7.gif HTTP/1.1" 200 7470 "http://inginformatica.uniroma2.it/index.php/laurea_triennale" "Mozilla/5.0 (Macintosh; Intel Mac OS X 10_13_6) AppleWebKit/605.1.15 (KHTML, like Gecko) Version/13.1 Safari/605.1.15"
93.44.103.77 - - [26/Apr/2020:14:12:22 +0200] "GET /media/css/logo5.gif HTTP/1.1" 200 5129 "http://inginformatica.uniroma2.it/index.php/laurea_triennale" "Mozilla/5.0 (Macintosh; Intel Mac OS X 10_13_6) AppleWebKit/605.1.15 (KHTML, like Gecko) Version/13.1 Safari/605.1.15"
93.44.103.77 - - [26/Apr/2020:14:12:22 +0200] "GET /media/css/binary4.jpg HTTP/1.1" 200 35918 "http://inginformatica.uniroma2.it/index.php/laurea_triennale" "Mozilla/5.0 (Macintosh; Intel Mac OS X 10_13_6) AppleWebKit/605.1.15 (KHTML, like Gecko) Version/13.1 Safari/605.1.15"
93.44.103.77 - - [26/Apr/2020:14:12:23 +0200] "GET /favicon.ico HTTP/1.1" 404 248 "http://inginformatica.uniroma2.it/index.php/laurea_triennale" "Mozilla/5.0 (Macintosh; Intel Mac OS X 10_13_6) AppleWebKit/605.1.15 (KHTML, like Gecko) Version/13.1 Safari/605.1.15"
93.44.103.77 - - [26/Apr/2020:14:12:34 +0200] "GET /index.php/triennale_piani HTTP/1.1" 200 3661 "http://inginformatica.uniroma2.it/index.php/laurea_triennale" "Mozilla/5.0 (Macintosh; Intel Mac OS X 10_13_6) AppleWebKit/605.1.15 (KHTML, like Gecko) Version/13.1 Safari/605.1.15"
93.44.103.77 - - [26/Apr/2020:14:12:34 +0200] "GET /favicon.ico HTTP/1.1" 404 248 "http://inginformatica.uniroma2.it/index.php/triennale_piani" "Mozilla/5.0 (Macintosh; Intel Mac OS X 10_13_6) AppleWebKit/605.1.15 (KHTML, like Gecko) Version/13.1 Safari/605.1.15"
93.44.103.77 - - [26/Apr/2020:14:13:05 +0200] "GET / HTTP/1.1" 200 3553 "https://www.google.com/" "Mozilla/5.0 (Macintosh; Intel Mac OS X 10_13_6) AppleWebKit/605.1.15 (KHTML, like Gecko) Version/13.1 Safari/605.1.15"
93.44.103.77 - - [26/Apr/2020:14:13:06 +0200] "GET /media/css/tvg.gif HTTP/1.1" 200 5430 "http://inginformatica.uniroma2.it/" "Mozilla/5.0 (Macintosh; Intel Mac OS X 10_13_6) AppleWebKit/605.1.15 (KHTML, like Gecko) Version/13.1 Safari/605.1.15"
93.44.103.77 - - [26/Apr/2020:14:13:06 +0200] "GET /media/css/mattoni6.jpg HTTP/1.1" 200 56364 "http://inginformatica.uniroma2.it/" "Mozilla/5.0 (Macintosh; Intel Mac OS X 10_13_6) AppleWebKit/605.1.15 (KHTML, like Gecko) Version/13.1 Safari/605.1.15"
93.44.103.77 - - [26/Apr/2020:14:13:06 +0200] "GET /media/css/comunicazioni.gif HTTP/1.1" 200 1708 "http://inginformatica.uniroma2.it/" "Mozilla/5.0 (Macintosh; Intel Mac OS X 10_13_6) AppleWebKit/605.1.15 (KHTML, like Gecko) Version/13.1 Safari/605.1.15"
93.44.103.77 - - [26/Apr/2020:14:13:06 +0200] "GET /media/css/links.gif HTTP/1.1" 200 1381 "http://inginformatica.uniroma2.it/" "Mozilla/5.0 (Macintosh; Intel Mac OS X 10_13_6) AppleWebKit/605.1.15 (KHTML, like Gecko) Version/13.1 Safari/605.1.15"
93.44.103.77 - - [26/Apr/2020:14:13:06 +0200] "GET /favicon.ico HTTP/1.1" 404 248 "http://inginformatica.uniroma2.it/" "Mozilla/5.0 (Macintosh; Intel Mac OS X 10_13_6) AppleWebKit/605.1.15 (KHTML, like Gecko) Version/13.1 Safari/605.1.15"
207.46.13.241 - - [26/Apr/2020:14:13:15 +0200] "GET /courses/sdcc1718/index.html HTTP/1.1" 200 17902 "-" "Mozilla/5.0 (compatible; bingbot/2.0; +http://www.bing.com/bingbot.htm)"
93.44.103.77 - - [26/Apr/2020:14:13:27 +0200] "GET /index.php/laurea_triennale HTTP/1.1" 200 2749 "http://inginformatica.uniroma2.it/" "Mozilla/5.0 (Macintosh; Intel Mac OS X 10_13_6) AppleWebKit/605.1.15 (KHTML, like Gecko) Version/13.1 Safari/605.1.15"
93.44.103.77 - - [26/Apr/2020:14:13:32 +0200] "GET /index.php/corsi HTTP/1.1" 200 4195 "http://inginformatica.uniroma2.it/index.php/laurea_triennale" "Mozilla/5.0 (Macintosh; Intel Mac OS X 10_13_6) AppleWebKit/605.1.15 (KHTML, like Gecko) Version/13.1 Safari/605.1.15"
93.44.103.77 - - [26/Apr/2020:14:13:32 +0200] "GET /favicon.ico HTTP/1.1" 404 248 "http://inginformatica.uniroma2.it/index.php/corsi" "Mozilla/5.0 (Macintosh; Intel Mac OS X 10_13_6) AppleWebKit/605.1.15 (KHTML, like Gecko) Version/13.1 Safari/605.1.15"
40.77.167.124 - - [26/Apr/2020:14:14:08 +0200] "GET /index.php/triennale_reg HTTP/1.1" 200 2657 "-" "Mozilla/5.0 (compatible; bingbot/2.0; +http://www.bing.com/bingbot.htm)"
93.39.151.115 - - [26/Apr/2020:14:14:55 +0200] "GET /courses/ce1920/ HTTP/1.1" 200 9714 "-" "Mozilla/5.0 (X11; Linux x86_64) AppleWebKit/537.36 (KHTML, like Gecko) Chrome/80.0.3987.132 Safari/537.36"
93.39.151.115 - - [26/Apr/2020:14:14:55 +0200] "GET /courses/ce1920/template/css/style.css HTTP/1.1" 200 737 "http://www.ce.uniroma2.it/courses/ce1920/" "Mozilla/5.0 (X11; Linux x86_64) AppleWebKit/537.36 (KHTML, like Gecko) Chrome/80.0.3987.132 Safari/537.36"
93.39.151.115 - - [26/Apr/2020:14:14:55 +0200] "GET /courses/ce1920/img/francesco.png HTTP/1.1" 200 10181 "http://www.ce.uniroma2.it/courses/ce1920/" "Mozilla/5.0 (X11; Linux x86_64) AppleWebKit/537.36 (KHTML, like Gecko) Chrome/80.0.3987.132 Safari/537.36"
93.39.151.115 - - [26/Apr/2020:14:14:55 +0200] "GET /courses/ce1920/img/valeria.png HTTP/1.1" 200 10240 "http://www.ce.uniroma2.it/courses/ce1920/" "Mozilla/5.0 (X11; Linux x86_64) AppleWebKit/537.36 (KHTML, like Gecko) Chrome/80.0.3987.132 Safari/537.36"
93.39.151.115 - - [26/Apr/2020:14:14:55 +0200] "GET /courses/ce1920/template/css/bootstrap.css HTTP/1.1" 200 21157 "http://www.ce.uniroma2.it/courses/ce1920/" "Mozilla/5.0 (X11; Linux x86_64) AppleWebKit/537.36 (KHTML, like Gecko) Chrome/80.0.3987.132 Safari/537.36"
93.39.151.115 - - [26/Apr/2020:14:14:55 +0200] "GET /courses/ce1920/template/js/bootstrap.js HTTP/1.1" 200 13697 "http://www.ce.uniroma2.it/courses/ce1920/" "Mozilla/5.0 (X11; Linux x86_64) AppleWebKit/537.36 (KHTML, like Gecko) Chrome/80.0.3987.132 Safari/537.36"
93.39.151.115 - - [26/Apr/2020:14:14:55 +0200] "GET /courses/ce1920/template/js/script.js HTTP/1.1" 200 20 "http://www.ce.uniroma2.it/courses/ce1920/" "Mozilla/5.0 (X11; Linux x86_64) AppleWebKit/537.36 (KHTML, like Gecko) Chrome/80.0.3987.132 Safari/537.36"
93.39.151.115 - - [26/Apr/2020:14:14:55 +0200] "GET /courses/ce1920/img/gabriele.png HTTP/1.1" 200 9688 "http://www.ce.uniroma2.it/courses/ce1920/" "Mozilla/5.0 (X11; Linux x86_64) AppleWebKit/537.36 (KHTML, like Gecko) Chrome/80.0.3987.132 Safari/537.36"
93.39.151.115 - - [26/Apr/2020:14:14:55 +0200] "GET /courses/ce1920/img/new.gif HTTP/1.1" 200 111 "http://www.ce.uniroma2.it/courses/ce1920/" "Mozilla/5.0 (X11; Linux x86_64) AppleWebKit/537.36 (KHTML, like Gecko) Chrome/80.0.3987.132 Safari/537.36"
93.39.151.115 - - [26/Apr/2020:14:14:55 +0200] "GET /favicon.ico HTTP/1.1" 200 318 "http://www.ce.uniroma2.it/courses/ce1920/" "Mozilla/5.0 (X11; Linux x86_64) AppleWebKit/537.36 (KHTML, like Gecko) Chrome/80.0.3987.132 Safari/537.36"
93.39.151.115 - - [26/Apr/2020:14:15:03 +0200] "GET /courses/ce1920/esercizi/A2.pdf HTTP/1.1" 200 102831 "http://www.ce.uniroma2.it/courses/ce1920/" "Mozilla/5.0 (X11; Linux x86_64) AppleWebKit/537.36 (KHTML, like Gecko) Chrome/80.0.3987.132 Safari/537.36"
79.31.194.149 - - [26/Apr/2020:14:15:20 +0200] "GET /courses/ce1920/ HTTP/1.1" 200 9714 "-" "Mozilla/5.0 (Macintosh; Intel Mac OS X 10_15_3) AppleWebKit/605.1.15 (KHTML, like Gecko)"
79.31.194.149 - - [26/Apr/2020:14:15:20 +0200] "GET /apple-touch-icon-precomposed.png HTTP/1.1" 404 257 "-" "Safari/15608.5.11 CFNetwork/1121.1.2 Darwin/19.3.0 (x86_64)"
79.31.194.149 - - [26/Apr/2020:14:15:20 +0200] "GET /apple-touch-icon.png HTTP/1.1" 404 251 "-" "Safari/15608.5.11 CFNetwork/1121.1.2 Darwin/19.3.0 (x86_64)"
79.31.194.149 - - [26/Apr/2020:14:15:20 +0200] "GET /favicon.ico HTTP/1.1" 200 318 "-" "Safari/15608.5.11 CFNetwork/1121.1.2 Darwin/19.3.0 (x86_64)"
79.31.194.149 - - [26/Apr/2020:14:15:20 +0200] "GET /courses/ce1920/ HTTP/1.1" 200 9714 "-" "Mozilla/5.0 (iPhone; CPU iPhone OS 12_1_3 like Mac OS X) AppleWebKit/605.1.15 (KHTML, like Gecko) Version/12.0 Mobile/15E148 Safari/604.1"
79.31.194.149 - - [26/Apr/2020:14:15:20 +0200] "GET /apple-touch-icon-precomposed.png HTTP/1.1" 404 257 "-" "Safari/15608.5.11 CFNetwork/1121.1.2 Darwin/19.3.0 (x86_64)"
79.31.194.149 - - [26/Apr/2020:14:15:20 +0200] "GET /apple-touch-icon.png HTTP/1.1" 404 251 "-" "Safari/15608.5.11 CFNetwork/1121.1.2 Darwin/19.3.0 (x86_64)"
66.249.64.139 - - [26/Apr/2020:14:15:50 +0200] "GET /courses/sdcc1920/ HTTP/1.1" 200 17829 "-" "Mozilla/5.0 (compatible; Googlebot/2.1; +http://www.google.com/bot.html)"
66.249.64.139 - - [26/Apr/2020:14:15:51 +0200] "GET /courses/sdcc1920/template/css/bootstrap.css HTTP/1.1" 200 21157 "http://www.ce.uniroma2.it/courses/sdcc1920/" "Mozilla/5.0 AppleWebKit/537.36 (KHTML, like Gecko; compatible; Googlebot/2.1; +http://www.google.com/bot.html) Chrome/80.0.3987.92 Safari/537.36"
66.249.64.141 - - [26/Apr/2020:14:15:52 +0200] "GET /courses/sdcc1920/template/js/bootstrap.js HTTP/1.1" 200 13697 "http://www.ce.uniroma2.it/courses/sdcc1920/" "Mozilla/5.0 AppleWebKit/537.36 (KHTML, like Gecko; compatible; Googlebot/2.1; +http://www.google.com/bot.html) Chrome/80.0.3987.92 Safari/537.36"
66.249.64.143 - - [26/Apr/2020:14:15:52 +0200] "GET /courses/sdcc1920/template/css/style.css HTTP/1.1" 200 737 "http://www.ce.uniroma2.it/courses/sdcc1920/" "Mozilla/5.0 AppleWebKit/537.36 (KHTML, like Gecko; compatible; Googlebot/2.1; +http://www.google.com/bot.html) Chrome/80.0.3987.92 Safari/537.36"
66.249.64.141 - - [26/Apr/2020:14:15:53 +0200] "GET /courses/sdcc1920/template/js/script.js HTTP/1.1" 200 20 "http://www.ce.uniroma2.it/courses/sdcc1920/" "Mozilla/5.0 AppleWebKit/537.36 (KHTML, like Gecko; compatible; Googlebot/2.1; +http://www.google.com/bot.html) Chrome/80.0.3987.92 Safari/537.36"
83.97.20.21 - - [26/Apr/2020:14:16:51 +0200] "GET / HTTP/1.0" 200 11598 "-" "-"
207.46.13.57 - - [26/Apr/2020:14:17:29 +0200] "GET /courses/iw08/lucidi/socket_1_4pp.pdf HTTP/1.1" 304 - "-" "Mozilla/5.0 (compatible; bingbot/2.0; +http://www.bing.com/bingbot.htm)"
49.37.130.16 - - [26/Apr/2020:14:20:08 +0200] "GET /~lopresti/Didattica/RetiWeb/Core%20Servlets%20and%20JavaServer%20Pages%20Volume%20I%20Core%20Technologies,%202nd%20Edition.pdf HTTP/1.1" 206 3892771 "https://www.google.com/" "Mozilla/5.0 (Linux; Android 10; GM1901) AppleWebKit/537.36 (KHTML, like Gecko) Chrome/81.0.4044.117 Mobile Safari/537.36"
49.37.130.16 - - [26/Apr/2020:14:20:07 +0200] "GET /~lopresti/Didattica/RetiWeb/Core%20Servlets%20and%20JavaServer%20Pages%20Volume%20I%20Core%20Technologies,%202nd%20Edition.pdf HTTP/1.1" 200 11678313 "https://www.google.com/" "Mozilla/5.0 (Linux; Android 10; GM1901) AppleWebKit/537.36 (KHTML, like Gecko) Chrome/81.0.4044.117 Mobile Safari/537.36"
49.37.130.16 - - [26/Apr/2020:14:20:08 +0200] "GET /~lopresti/Didattica/RetiWeb/Core%20Servlets%20and%20JavaServer%20Pages%20Volume%20I%20Core%20Technologies,%202nd%20Edition.pdf HTTP/1.1" 206 7785542 "https://www.google.com/" "Mozilla/5.0 (Linux; Android 10; GM1901) AppleWebKit/537.36 (KHTML, like Gecko) Chrome/81.0.4044.117 Mobile Safari/537.36"
129.59.104.250 - - [26/Apr/2020:14:20:28 +0200] "HEAD /acpross2017/ HTTP/1.0" 200 - "-" "Mozilla/5.0 (Windows NT 10.0; Win64; x64) AppleWebKit/537.36 (KHTML, like Gecko) Chrome/46.0.2486.0 Safari/537.36 Edge/13.10586"
182.185.134.254 - - [26/Apr/2020:14:20:58 +0200] "GET /courses/sabd1718/slides/hands-on-nosql-kvd.txt HTTP/1.1" 200 2936 "-" "Mozilla/5.0 (Windows; U; Windows NT 5.1; en-US; rv:1.9.2.28) Gecko/20120306 Firefox/5.0.1"
207.46.13.57 - - [26/Apr/2020:14:21:39 +0200] "GET /publications/ncca2011.pdf HTTP/1.1" 200 474139 "-" "Mozilla/5.0 (compatible; bingbot/2.0; +http://www.bing.com/bingbot.htm)"
213.180.203.107 - - [26/Apr/2020:14:22:39 +0200] "GET /robots.txt HTTP/1.1" 404 300 "-" "Mozilla/5.0 (compatible; YandexBot/3.0; +http://yandex.com/bots)"
178.154.200.216 - - [26/Apr/2020:14:22:40 +0200] "GET /robots.txt HTTP/1.1" 404 304 "-" "Mozilla/5.0 (compatible; YandexBot/3.0; +http://yandex.com/bots)"
213.180.203.107 - - [26/Apr/2020:14:22:43 +0200] "GET / HTTP/1.1" 200 3553 "-" "Mozilla/5.0 (compatible; YandexBot/3.0; +http://yandex.com/bots)"
178.154.200.216 - - [26/Apr/2020:14:22:43 +0200] "GET / HTTP/1.1" 200 3554 "-" "Mozilla/5.0 (compatible; YandexBot/3.0; +http://yandex.com/bots)"
2.91.235.242 - - [26/Apr/2020:14:23:18 +0200] "GET /wp-login.php HTTP/1.1" 404 294 "-" "Mozilla/5.0 (Windows NT 6.1; WOW64; rv:40.0) Gecko/20100101 Firefox/40.1"
2.91.235.242 - - [26/Apr/2020:14:23:18 +0200] "GET / HTTP/1.1" 200 3891 "-" "Mozilla/5.0 (Windows NT 6.1; WOW64; rv:40.0) Gecko/20100101 Firefox/40.1"
188.152.159.99 - - [26/Apr/2020:14:24:22 +0200] "GET /courses/aac07/lucidi/Memvirtuale_4pp.pdf HTTP/1.1" 200 394405 "https://www.bing.com/" "Mozilla/5.0 (Windows NT 10.0; Win64; x64; rv:75.0) Gecko/20100101 Firefox/75.0"
188.152.159.99 - - [26/Apr/2020:14:24:22 +0200] "GET /favicon.ico HTTP/1.1" 200 318 "-" "Mozilla/5.0 (Windows NT 10.0; Win64; x64; rv:75.0) Gecko/20100101 Firefox/75.0"
78.13.245.65 - - [26/Apr/2020:14:25:00 +0200] "GET / HTTP/1.1" 200 1704 "-" "Mozilla/5.0 (iPhone; CPU iPhone OS 12_3_1 like Mac OS X) AppleWebKit/605.1.15 (KHTML, like Gecko) Version/12.1.1 Mobile/15E148 Safari/604.1"
78.13.245.65 - - [26/Apr/2020:14:25:00 +0200] "GET /template/css/style.css HTTP/1.1" 200 754 "http://www.ce.uniroma2.it/" "Mozilla/5.0 (iPhone; CPU iPhone OS 12_3_1 like Mac OS X) AppleWebKit/605.1.15 (KHTML, like Gecko) Version/12.1.1 Mobile/15E148 Safari/604.1"
78.13.245.65 - - [26/Apr/2020:14:25:00 +0200] "GET /template/js/script.js HTTP/1.1" 200 20 "http://www.ce.uniroma2.it/" "Mozilla/5.0 (iPhone; CPU iPhone OS 12_3_1 like Mac OS X) AppleWebKit/605.1.15 (KHTML, like Gecko) Version/12.1.1 Mobile/15E148 Safari/604.1"
78.13.245.65 - - [26/Apr/2020:14:25:00 +0200] "GET /template/js/bootstrap.js HTTP/1.1" 200 13697 "http://www.ce.uniroma2.it/" "Mozilla/5.0 (iPhone; CPU iPhone OS 12_3_1 like Mac OS X) AppleWebKit/605.1.15 (KHTML, like Gecko) Version/12.1.1 Mobile/15E148 Safari/604.1"
78.13.245.65 - - [26/Apr/2020:14:25:00 +0200] "GET /template/css/bootstrap.css HTTP/1.1" 200 21157 "http://www.ce.uniroma2.it/" "Mozilla/5.0 (iPhone; CPU iPhone OS 12_3_1 like Mac OS X) AppleWebKit/605.1.15 (KHTML, like Gecko) Version/12.1.1 Mobile/15E148 Safari/604.1"
87.1.135.163 - - [26/Apr/2020:14:25:31 +0200] "GET /courses/ac05/lucidi/Floating_2pp.pdf HTTP/1.1" 200 176708 "-" "Mozilla/5.0 (Windows NT 10.0; Win64; x64) AppleWebKit/537.36 (KHTML, like Gecko) Chrome/70.0.3538.102 Safari/537.36 Edge/18.18362"
87.1.135.163 - - [26/Apr/2020:14:25:32 +0200] "GET /courses/ac05/lucidi/Floating_2pp.pdf HTTP/1.1" 206 176708 "http://www.ce.uniroma2.it/courses/ac05/lucidi/Floating_2pp.pdf" "Mozilla/5.0 (Windows NT 10.0; Win64; x64) AppleWebKit/537.36 (KHTML, like Gecko) Chrome/70.0.3538.102 Safari/537.36 Edge/18.18362"
88.198.90.9 - - [26/Apr/2020:14:25:36 +0200] "GET /courses/ac05/lucidi/Floating_2pp.pdf HTTP/1.1" 200 176708 "-" "Mozilla/5.0 (Macintosh; Intel Mac OS X 10_13_1) AppleWebKit/604.3.5 (KHTML, like Gecko) Version/11.0.1 Safari/604.3.5"
88.198.43.207 - - [26/Apr/2020:14:25:40 +0200] "GET /~lopresti/Didattica/Arch_Calc/Arch_Calc0506/Floating.pdf HTTP/1.1" 404 338 "-" "Mozilla/5.0 (Windows NT 10.0; WOW64; Trident/7.0; rv:11.0) like Gecko"
87.2.103.65 - - [26/Apr/2020:14:25:52 +0200] "GET /favicon.ico HTTP/1.1" 200 318 "http://www.ce.uniroma2.it/courses/iw08/lucidi/socket_4_4pp.pdf" "Mozilla/5.0 (Windows NT 10.0; Win64; x64) AppleWebKit/537.36 (KHTML, like Gecko) Chrome/81.0.4044.113 Safari/537.36"
87.2.103.65 - - [26/Apr/2020:14:25:51 +0200] "GET /courses/iw08/lucidi/socket_4_4pp.pdf HTTP/1.1" 200 501776 "https://www.google.com/" "Mozilla/5.0 (Windows NT 10.0; Win64; x64) AppleWebKit/537.36 (KHTML, like Gecko) Chrome/81.0.4044.113 Safari/537.36"
93.39.151.115 - - [26/Apr/2020:14:26:50 +0200] "GET /courses/ce1920/slides/Procedurex4.pdf HTTP/1.1" 200 171755 "http://www.ce.uniroma2.it/courses/ce1920/" "Mozilla/5.0 (X11; Linux x86_64) AppleWebKit/537.36 (KHTML, like Gecko) Chrome/80.0.3987.132 Safari/537.36"
79.52.155.227 - - [26/Apr/2020:14:27:09 +0200] "GET /favicon.ico HTTP/1.1" 200 318 "http://www.ce.uniroma2.it/courses/aac07/lucidi/Pipeline_controllo_4pp.pdf" "Mozilla/5.0 (Windows NT 10.0; Win64; x64) AppleWebKit/537.36 (KHTML, like Gecko) Chrome/81.0.4044.122 Safari/537.36"
79.52.155.227 - - [26/Apr/2020:14:27:09 +0200] "GET /courses/aac07/lucidi/Pipeline_controllo_4pp.pdf HTTP/1.1" 200 726191 "https://www.google.com/" "Mozilla/5.0 (Windows NT 10.0; Win64; x64) AppleWebKit/537.36 (KHTML, like Gecko) Chrome/81.0.4044.122 Safari/537.36"
78.13.245.65 - - [26/Apr/2020:14:27:19 +0200] "GET /courses/sabd1920/ HTTP/1.1" 200 11400 "-" "Mozilla/5.0 (iPhone; CPU iPhone OS 12_3_1 like Mac OS X) AppleWebKit/605.1.15 (KHTML, like Gecko) Version/12.1.1 Mobile/15E148 Safari/604.1"
78.13.245.65 - - [26/Apr/2020:14:27:21 +0200] "GET /courses/sabd1920/ HTTP/1.1" 200 11400 "-" "Mozilla/5.0 (iPhone; CPU iPhone OS 12_3_1 like Mac OS X) AppleWebKit/605.1.15 (KHTML, like Gecko) Version/12.1.1 Mobile/15E148 Safari/604.1"
78.13.245.65 - - [26/Apr/2020:14:27:22 +0200] "GET /courses/sabd1920/ HTTP/1.1" 200 11400 "-" "Mozilla/5.0 (iPhone; CPU iPhone OS 12_3_1 like Mac OS X) AppleWebKit/605.1.15 (KHTML, like Gecko) Version/12.1.1 Mobile/15E148 Safari/604.1"
78.13.245.65 - - [26/Apr/2020:14:27:27 +0200] "GET /courses/sabd1920/ HTTP/1.1" 200 11400 "-" "Mozilla/5.0 (iPhone; CPU iPhone OS 12_3_1 like Mac OS X) AppleWebKit/605.1.15 (KHTML, like Gecko) Version/12.1.1 Mobile/15E148 Safari/604.1"
46.229.168.137 - - [26/Apr/2020:14:28:55 +0200] "GET /~buttari/MiBe/page_IMG_2126.JPG.html HTTP/1.1" 200 555 "-" "Mozilla/5.0 (compatible; SemrushBot/6~bl; +http://www.semrush.com/bot.html)"
207.46.13.57 - - [26/Apr/2020:14:30:28 +0200] "GET /index.php/comunicazioni/visualizza/nuove_regole_per_idoneta_lingua_straniera HTTP/1.1" 200 2452 "-" "Mozilla/5.0 (compatible; bingbot/2.0; +http://www.bing.com/bingbot.htm)"
122.115.228.37 - - [26/Apr/2020:14:30:27 +0200] "GET /publications/parco2013_uniformgrids.pdf HTTP/1.1" 200 1200354 "-" "Mozilla/5.0 (Windows NT 10.0; Win64; x64) AppleWebKit/537.36 (KHTML, like Gecko) Chrome/70.0.3538.102 Safari/537.36 Edge/18.18363"
95.246.243.92 - - [26/Apr/2020:14:32:27 +0200] "GET /favicon.ico HTTP/1.1" 200 318 "-" "Mozilla/5.0 (Windows NT 10.0; Win64; x64; rv:75.0) Gecko/20100101 Firefox/75.0"
95.246.243.92 - - [26/Apr/2020:14:32:27 +0200] "GET /courses/ac05/lucidi/ALU_4pp.pdf HTTP/1.1" 200 186037 "https://www.google.com/" "Mozilla/5.0 (Windows NT 10.0; Win64; x64; rv:75.0) Gecko/20100101 Firefox/75.0"
40.77.167.124 - - [26/Apr/2020:14:32:55 +0200] "GET /courses/sdcc1718/slides/Docker.pdf HTTP/1.1" 304 - "-" "Mozilla/5.0 (compatible; bingbot/2.0; +http://www.bing.com/bingbot.htm)"
66.249.64.143 - - [26/Apr/2020:14:34:49 +0200] "GET /courses/iw08/lucidi/socket_4_2pp.pdf HTTP/1.1" 304 - "-" "Mozilla/5.0 (Linux; Android 6.0.1; Nexus 5X Build/MMB29P) AppleWebKit/537.36 (KHTML, like Gecko) Chrome/41.0.2272.96 Mobile Safari/537.36 (compatible; Googlebot/2.1; +http://www.google.com/bot.html)"
95.239.221.80 - - [26/Apr/2020:14:35:05 +0200] "GET / HTTP/1.1" 200 3554 "-" "Mozilla/5.0 (Macintosh; Intel Mac OS X 10_14_6) AppleWebKit/605.1.15 (KHTML, like Gecko)"
95.239.221.80 - - [26/Apr/2020:14:35:06 +0200] "GET /apple-touch-icon-precomposed.png HTTP/1.1" 404 264 "-" "Safari/14607.3.9 CFNetwork/978.0.7 Darwin/18.7.0 (x86_64)"
95.239.221.80 - - [26/Apr/2020:14:35:06 +0200] "GET /apple-touch-icon.png HTTP/1.1" 404 256 "-" "Safari/14607.3.9 CFNetwork/978.0.7 Darwin/18.7.0 (x86_64)"
95.239.221.80 - - [26/Apr/2020:14:35:06 +0200] "GET /favicon.ico HTTP/1.1" 404 248 "-" "Safari/14607.3.9 CFNetwork/978.0.7 Darwin/18.7.0 (x86_64)"
95.239.221.80 - - [26/Apr/2020:14:35:06 +0200] "GET /apple-touch-icon-precomposed.png HTTP/1.1" 404 264 "-" "Safari/14607.3.9 CFNetwork/978.0.7 Darwin/18.7.0 (x86_64)"
95.239.221.80 - - [26/Apr/2020:14:35:06 +0200] "GET /apple-touch-icon.png HTTP/1.1" 404 256 "-" "Safari/14607.3.9 CFNetwork/978.0.7 Darwin/18.7.0 (x86_64)"
95.239.221.80 - - [26/Apr/2020:14:35:06 +0200] "GET /favicon.ico HTTP/1.1" 404 248 "-" "Safari/14607.3.9 CFNetwork/978.0.7 Darwin/18.7.0 (x86_64)"
95.239.221.80 - - [26/Apr/2020:14:35:06 +0200] "GET / HTTP/1.1" 200 3554 "-" "Mozilla/5.0 (iPhone; CPU iPhone OS 12_1_3 like Mac OS X) AppleWebKit/605.1.15 (KHTML, like Gecko) Version/12.0 Mobile/15E148 Safari/604.1"
95.239.221.80 - - [26/Apr/2020:14:35:07 +0200] "GET /apple-touch-icon-precomposed.png HTTP/1.1" 404 264 "-" "Safari/14607.3.9 CFNetwork/978.0.7 Darwin/18.7.0 (x86_64)"
95.239.221.80 - - [26/Apr/2020:14:35:07 +0200] "GET /apple-touch-icon.png HTTP/1.1" 404 256 "-" "Safari/14607.3.9 CFNetwork/978.0.7 Darwin/18.7.0 (x86_64)"
95.239.221.80 - - [26/Apr/2020:14:35:07 +0200] "GET /favicon.ico HTTP/1.1" 404 248 "-" "Safari/14607.3.9 CFNetwork/978.0.7 Darwin/18.7.0 (x86_64)"
95.239.221.80 - - [26/Apr/2020:14:35:07 +0200] "GET /apple-touch-icon-precomposed.png HTTP/1.1" 404 264 "-" "Safari/14607.3.9 CFNetwork/978.0.7 Darwin/18.7.0 (x86_64)"
95.239.221.80 - - [26/Apr/2020:14:35:07 +0200] "GET /apple-touch-icon.png HTTP/1.1" 404 256 "-" "Safari/14607.3.9 CFNetwork/978.0.7 Darwin/18.7.0 (x86_64)"
95.239.221.80 - - [26/Apr/2020:14:35:07 +0200] "GET /favicon.ico HTTP/1.1" 404 248 "-" "Safari/14607.3.9 CFNetwork/978.0.7 Darwin/18.7.0 (x86_64)"
79.30.198.74 - - [26/Apr/2020:14:36:57 +0200] "GET /favicon.ico HTTP/1.1" 200 318 "-" "Mozilla/5.0 (Windows NT 10.0; Win64; x64; rv:75.0) Gecko/20100101 Firefox/75.0"
79.30.198.74 - - [26/Apr/2020:14:36:57 +0200] "GET /courses/ac05/lucidi/Memoria_2pp.pdf HTTP/1.1" 200 242453 "https://www.google.com/" "Mozilla/5.0 (Windows NT 10.0; Win64; x64; rv:75.0) Gecko/20100101 Firefox/75.0"
212.216.239.246 - - [26/Apr/2020:14:37:45 +0200] "GET /courses/aac07/lucidi/Pipeline_base_4pp.pdf HTTP/1.1" 200 1687980 "-" "Mozilla/5.0 (iPhone; CPU iPhone OS 13_4_1 like Mac OS X) AppleWebKit/605.1.15 (KHTML, like Gecko) Version/13.1 Mobile/15E148 Safari/604.1"
212.216.239.246 - - [26/Apr/2020:14:37:54 +0200] "GET /favicon.ico HTTP/1.1" 200 318 "http://www.ce.uniroma2.it/courses/aac07/lucidi/Pipeline_base_4pp.pdf" "Mozilla/5.0 (iPhone; CPU iPhone OS 13_4_1 like Mac OS X) AppleWebKit/605.1.15 (KHTML, like Gecko) Version/13.1 Mobile/15E148 Safari/604.1"
40.77.167.124 - - [26/Apr/2020:14:39:15 +0200] "GET /media/PdSMagistrInformat13-14x12-13-(6-9-12CFU.pdf HTTP/1.1" 304 - "-" "Mozilla/5.0 (compatible; bingbot/2.0; +http://www.bing.com/bingbot.htm)"
66.249.64.154 - - [26/Apr/2020:14:39:19 +0200] "GET /index.php/laurea_triennale HTTP/1.1" 200 2749 "-" "Mozilla/5.0 (Linux; Android 6.0.1; Nexus 5X Build/MMB29P) AppleWebKit/537.36 (KHTML, like Gecko) Chrome/41.0.2272.96 Mobile Safari/537.36 (compatible; Googlebot/2.1; +http://www.google.com/bot.html)"
